I'm sorry, but errors were detected in your script. Please correct the
errors listed below, and try again.


File "game/script.rpy", line 23: Line is indented, but the preceding say statement statement does not expect a block. Please check this line's indentation.
    "That won't even keep the rain off of him."
    ^

File "game/script.rpy", line 26: Line is indented, but the preceding say statement statement does not expect a block. Please check this line's indentation.
    "The being that has boiled for our sins."
    ^

File "game/script.rpy", line 37: Line is indented, but the preceding say statement statement does not expect a block. Please check this line's indentation.
    "Well at least all that is behind me now that i'm home."
    ^

Ren'Py Version: Ren'Py 7.3.2.320
Mon Sep 23 13:24:49 2019
